// Jest Snapshot v1, https://goo.gl/fbAQLP

exports[`Collateral contracts Gas Reporting Force Updates - Hard Default - ATokens/CTokens 1`] = `40485`;

exports[`Collateral contracts Gas Reporting Force Updates - Hard Default - ATokens/CTokens 2`] = `41732`;

exports[`Collateral contracts Gas Reporting Force Updates - Soft Default 1`] = `49472`;

exports[`Collateral contracts Gas Reporting Force Updates - Soft Default 2`] = `45234`;

exports[`Collateral contracts Gas Reporting Force Updates - Soft Default 3`] = `44838`;
